// Jest Snapshot v1, https://goo.gl/fbAQLP

exports[`App Renders correctly 1`] = `
<View
  style={
    Object {
      "marginTop": 30,
    }
  }
>
  <Text
    accessible={true}
    allowFontScaling={true}
    ellipsizeMode="tail"
    style={
      Object {
        "fontSize": 50,
        "fontWeight": "bold",
      }
    }
  >
    Login
  </Text>
  <Text
    accessible={true}
    allowFontScaling={true}
    ellipsizeMode="tail"
  >
    Enter Username
  </Text>
  <View
    style={
      Object {
        "borderColor": "#d6d7da",
        "borderRadius": 4,
        "borderWidth": 3,
        "width": 200,
      }
    }
  >
    <TextInput
      allowFontScaling={true}
      onChangeText={[Function]}
      underlineColorAndroid="transparent"
      value="Some Text"
    />
  </View>
  <View
    style={
      Object {
        "borderColor": "#d6d7da",
        "borderRadius": 4,
        "borderWidth": 3,
        "width": 200,
      }
    }
  >
    <TextInput
      allowFontScaling={true}
      onChangeText={[Function]}
      underlineColorAndroid="transparent"
      value="Enter Password"
    />
  </View>
</View>
`;

exports[`renders correctly 1`] = `
<View
  style={
    Object {
      "marginTop": 30,
    }
  }
>
  <Text
    accessible={true}
    allowFontScaling={true}
    ellipsizeMode="tail"
    style={
      Object {
        "fontSize": 50,
        "fontWeight": "bold",
      }
    }
  >
    Login
  </Text>
  <Text
    accessible={true}
    allowFontScaling={true}
    ellipsizeMode="tail"
  >
    Enter Username
  </Text>
  <View
    style={
      Object {
        "borderColor": "#d6d7da",
        "borderRadius": 4,
        "borderWidth": 3,
        "width": 200,
      }
    }
  >
    <TextInput
      allowFontScaling={true}
      onChangeText={[Function]}
      underlineColorAndroid="transparent"
      value="Some Text"
    />
  </View>
  <View
    style={
      Object {
        "borderColor": "#d6d7da",
        "borderRadius": 4,
        "borderWidth": 3,
        "width": 200,
      }
    }
  >
    <TextInput
      allowFontScaling={true}
      onChangeText={[Function]}
      underlineColorAndroid="transparent"
      value="Enter Password"
    />
  </View>
</View>
`;
